// Jest Snapshot v1, https://goo.gl/fbAQLP

exports[`Tests on the AddCategory component should show correctly 1`] = `
<form
  onSubmit={[Function]}
>
  <p
    hidden={true}
  />
  <input
    onChange={[Function]}
    type="text"
    value=""
  />
</form>
`;
