// Jest Snapshot v1, https://goo.gl/fbAQLP

exports[`Tests on <GifGridItem /> should display component correctly 1`] = `
<div
  className="card animate__animated animate__fadeInLeft"
>
  <img
    alt="Pokemon"
    src="https://pokemon.org"
  />
  <p>
    Pokemon
  </p>
</div>
`;
